2026-07-27 05:58:08 [INFO] Starting asset audit in directory: 'C:\Users\asads\Downloads'.........
2026-07-27 05:58:08 [INFO] .............................................
2026-07-27 06:03:54 [INFO] Starting asset audit in directory: 'D:\Github\python_pipeline_core\sample media'.........
2026-07-27 06:03:54 [INFO] .............................................
2026-07-27 06:16:33 [ERROR] ❌Failed: Target path 'C:\Users\asads\Download' does not exist.
2026-07-27 06:18:01 [INFO] Starting asset audit in directory: 'C:\Users\asads\Downloads'.........
2026-07-27 06:18:01 [INFO] .............................................
2026-07-27 06:18:01 [INFO] [Picture Detected]:'1.webp' (0.03MB)
2026-07-27 06:18:01 [INFO] [Picture Detected]:'arsen-vivcharyk-dmRB6RXRpFk-unsplash.jpg' (3.24MB)
2026-07-27 06:18:01 [INFO] [Picture Detected]:'brian-jones-YBlcnXfv9OM-unsplash.jpg' (2.36MB)
2026-07-27 06:18:01 [INFO] [Picture Detected]:'bruno-guerrero--i6EJZjX0tg-unsplash.jpg' (9.03MB)
2026-07-27 06:18:01 [INFO] [Picture Detected]:'bruno-guerrero-1Ef9P85_JPg-unsplash.jpg' (6.73MB)
2026-07-27 06:18:01 [INFO] [Picture Detected]:'bruno-guerrero-kGR0GAZ4Z3s-unsplash.jpg' (7.93MB)
2026-07-27 06:18:01 [INFO] [Picture Detected]:'bruno-guerrero-Ugb9Gaccxys-unsplash.jpg' (10.42MB)
2026-07-27 06:18:01 [INFO] [Picture Detected]:'chef-with-trumpet.heic' (1.54MB)
2026-07-27 06:18:01 [INFO] [Picture Detected]:'convertico-little-sorcerer-heif.heif' (0.21MB)
2026-07-27 06:18:01 [INFO] [Picture Detected]:'creative-headline-APNnyM36puU-unsplash.jpg' (4.73MB)
2026-07-27 06:18:01 [INFO] [Picture Detected]:'creative-headline-HGZkiOJ0Jeg-unsplash.jpg' (5.16MB)
2026-07-27 06:18:01 [INFO] [Picture Detected]:'creative-headline-se3GNrXjtdQ-unsplash.jpg' (4.94MB)
2026-07-27 06:18:01 [INFO] [Picture Detected]:'creative-headline-vD_qELkZaAs-unsplash.jpg' (5.23MB)
2026-07-27 06:18:01 [INFO] [Picture Detected]:'fa4e2abf79fce071ed0970ebc04688e3.jpg' (0.16MB)
2026-07-27 06:18:01 [INFO] [Video Detected]:'file_example_AVI_1920_2_3MG.avi' (2.17MB)
2026-07-27 06:18:01 [INFO] [Video Detected]:'file_example_MOV_1920_2_2MB.mov' (2.14MB)
2026-07-27 06:18:01 [INFO] [Video Detected]:'file_example_MP4_1920_18MG.mp4' (17.01MB)
2026-07-27 06:18:01 [INFO] [Video Detected]:'file_example_OGG_1920_13_3mg.ogg' (12.67MB)
2026-07-27 06:18:01 [INFO] [Video Detected]:'file_example_WEBM_1920_3_7MB.webm' (3.5MB)
2026-07-27 06:18:01 [INFO] [Video Detected]:'file_example_WMV_1920_9_3MB.wmv' (8.91MB)
2026-07-27 06:18:01 [INFO] [Picture Detected]:'franki-change-l_udJiyHkPg-unsplash.jpg' (4.48MB)
2026-07-27 06:18:01 [INFO] [Picture Detected]:'franki-change-sYTiDHS3dSU-unsplash.jpg' (4.37MB)
2026-07-27 06:18:01 [INFO] [Picture Detected]:'franki-change-ylGqteuOcBM-unsplash.jpg' (4.32MB)
2026-07-27 06:18:01 [INFO] [Picture Detected]:'gary-butterfield-hXnaKgbmeOk-unsplash.jpg' (1.57MB)
2026-07-27 06:18:01 [INFO] [Picture Detected]:'gian-gomez-rYB1r1MoOXc-unsplash.jpg' (8.58MB)
2026-07-27 06:18:01 [INFO] [Picture Detected]:'greyhounds-looking-for-a-table.heic' (1.64MB)
2026-07-27 06:18:01 [INFO] [Picture Detected]:'heif-apple-circles.heif' (0.35MB)
2026-07-27 06:18:01 [INFO] [Picture Detected]:'heif-bitcoin-color.heif' (0.31MB)
2026-07-27 06:18:01 [INFO] [Picture Detected]:'hidde-schalm-aUtMy02DOo4-unsplash.jpg' (0.83MB)
2026-07-27 06:18:01 [INFO] [Picture Detected]:'ivan-diaz-MOBnDtqE-kE-unsplash.jpg' (1.79MB)
2026-07-27 06:18:01 [INFO] [Picture Detected]:'kuzu420-dancing-27562_512.gif' (0.04MB)
2026-07-27 06:18:01 [INFO] [Picture Detected]:'lazaro-rodriguez-JhOFhLHKVx8-unsplash.jpg' (0.42MB)
2026-07-27 06:18:01 [INFO] [Picture Detected]:'michael-sala-husQ4tkR8Z8-unsplash.jpg' (0.73MB)
2026-07-27 06:18:01 [INFO] [Picture Detected]:'mxj_files-countdown-27669_512.gif' (0.51MB)
2026-07-27 06:18:01 [INFO] [Picture Detected]:'mxj_files-duck-27445_512.gif' (0.34MB)
2026-07-27 06:18:01 [INFO] [Picture Detected]:'mxj_files-planet-26932_512.gif' (1.48MB)
2026-07-27 06:18:01 [INFO] [Picture Detected]:'mxj_files-star-26586_512.gif' (0.19MB)
2026-07-27 06:18:01 [INFO] [Picture Detected]:'nina-pascal-Cld_DcgGPso-unsplash.jpg' (0.78MB)
2026-07-27 06:18:01 [INFO] [Picture Detected]:'oskar-kadaksoo-H1cuGOjk8d8-unsplash.jpg' (6.47MB)
2026-07-27 06:18:01 [INFO] [Picture Detected]:'oskar-smethurst-B1GtwanCbiw-unsplash.jpg' (1.81MB)
2026-07-27 06:18:01 [INFO] [Picture Detected]:'pascal-meier-1uVCTVSn-2o-unsplash.jpg' (1.71MB)
2026-07-27 06:18:01 [INFO] [Picture Detected]:'pexels-0xcpt-27487530.jpg' (1.9MB)
2026-07-27 06:18:01 [INFO] [Picture Detected]:'pexels-aboodi-18435554.jpg' (7.44MB)
2026-07-27 06:18:01 [INFO] [Picture Detected]:'pexels-bibekghosh-14553713.jpg' (1.75MB)
2026-07-27 06:18:01 [INFO] [Picture Detected]:'pexels-ebahir-36476506.jpg' (1.2MB)
2026-07-27 06:18:01 [INFO] [Picture Detected]:'pexels-gmb-visuals-564876670-20727183.jpg' (2.52MB)
2026-07-27 06:18:01 [INFO] [Picture Detected]:'pexels-izafi-33061425.jpg' (2.38MB)
2026-07-27 06:18:01 [INFO] [Picture Detected]:'pexels-ja-kubislav-374578277-14585222.jpg' (3.53MB)
2026-07-27 06:18:01 [INFO] [Picture Detected]:'pexels-james-l-349383308-31327342.jpg' (5.66MB)
2026-07-27 06:18:01 [INFO] [Picture Detected]:'pexels-king-siberia-1123639-2201541.jpg' (3.83MB)
2026-07-27 06:18:01 [INFO] [Picture Detected]:'pexels-pavel-danilyuk-8424591.jpg' (1.76MB)
2026-07-27 06:18:01 [INFO] [Picture Detected]:'pexels-pixabay-270348.jpg' (0.15MB)
2026-07-27 06:18:01 [INFO] [Picture Detected]:'pexels-pixabay-270366.jpg' (1.87MB)
2026-07-27 06:18:01 [INFO] [Picture Detected]:'pexels-pixabay-270408.jpg' (0.4MB)
2026-07-27 06:18:01 [INFO] [Picture Detected]:'sample-heif-compressed-60.heif' (0.28MB)
2026-07-27 06:18:01 [INFO] [Picture Detected]:'shelf-christmas-decoration.heic' (1.38MB)
2026-07-27 06:18:01 [INFO] [Picture Detected]:'sherry-christian-8Myh76_3M2U-unsplash.jpg' (2.18MB)
2026-07-27 06:18:01 [INFO] [Picture Detected]:'soundboard.heic' (1.16MB)
2026-07-27 06:18:01 [INFO] [Picture Detected]:'sunder-muthukumaran-fd6K_OFlnRA-unsplash (1).jpg' (2.22MB)
2026-07-27 06:18:01 [INFO] [Picture Detected]:'sunder-muthukumaran-fd6K_OFlnRA-unsplash.jpg' (2.22MB)
2026-07-27 06:18:01 [INFO] [Picture Detected]:'tobias-rademacher-LPi4gHZrL1w-unsplash.jpg' (1.39MB)
2026-07-27 06:18:01 [INFO] [Video Detected]:'videoplayback (1).webm' (352.37MB)
2026-07-27 06:18:01 [INFO] [Video Detected]:'videoplayback.mp4' (3.88MB)
2026-07-27 06:18:01 [INFO] [Video Detected]:'videoplayback.webm' (114.04MB)
2026-07-27 06:18:01 [INFO] [Picture Detected]:'zhengtao-tang-V7SKRhXskv8-unsplash.jpg' (0.73MB)
