2026-07-28 11:47:33 [INFO] PipelineLogger Scanning the folder: C:\Users\asads\Downloads
2026-07-28 11:47:33 [INFO] PipelineLogger picture detected: 1.webp
2026-07-28 11:47:33 [INFO] PipelineLogger picture detected: arsen-vivcharyk-dmRB6RXRpFk-unsplash.jpg
2026-07-28 11:47:33 [INFO] PipelineLogger picture detected: brian-jones-YBlcnXfv9OM-unsplash.jpg
2026-07-28 11:47:33 [INFO] PipelineLogger picture detected: bruno-guerrero--i6EJZjX0tg-unsplash.jpg
2026-07-28 11:47:33 [INFO] PipelineLogger picture detected: bruno-guerrero-1Ef9P85_JPg-unsplash.jpg
2026-07-28 11:47:33 [INFO] PipelineLogger picture detected: bruno-guerrero-kGR0GAZ4Z3s-unsplash.jpg
2026-07-28 11:47:33 [INFO] PipelineLogger picture detected: bruno-guerrero-Ugb9Gaccxys-unsplash.jpg
2026-07-28 11:47:33 [INFO] PipelineLogger picture detected: chef-with-trumpet.heic
2026-07-28 11:47:33 [INFO] PipelineLogger picture detected: convertico-little-sorcerer-heif.heif
2026-07-28 11:47:33 [INFO] PipelineLogger picture detected: creative-headline-APNnyM36puU-unsplash.jpg
2026-07-28 11:47:33 [INFO] PipelineLogger picture detected: creative-headline-HGZkiOJ0Jeg-unsplash.jpg
2026-07-28 11:47:33 [INFO] PipelineLogger picture detected: creative-headline-se3GNrXjtdQ-unsplash.jpg
2026-07-28 11:47:33 [INFO] PipelineLogger picture detected: creative-headline-vD_qELkZaAs-unsplash.jpg
2026-07-28 11:47:33 [INFO] PipelineLogger picture detected: fa4e2abf79fce071ed0970ebc04688e3.jpg
2026-07-28 11:47:33 [INFO] PipelineLogger video detected: file_example_AVI_1920_2_3MG.avi
2026-07-28 11:47:33 [INFO] PipelineLogger video detected: file_example_MOV_1920_2_2MB.mov
2026-07-28 11:47:33 [INFO] PipelineLogger video detected: file_example_MP4_1920_18MG.mp4
2026-07-28 11:47:33 [INFO] PipelineLogger video detected: file_example_OGG_1920_13_3mg.ogg
2026-07-28 11:47:33 [INFO] PipelineLogger video detected: file_example_WEBM_1920_3_7MB.webm
2026-07-28 11:47:33 [INFO] PipelineLogger video detected: file_example_WMV_1920_9_3MB.wmv
2026-07-28 11:47:33 [INFO] PipelineLogger picture detected: franki-change-l_udJiyHkPg-unsplash.jpg
2026-07-28 11:47:33 [INFO] PipelineLogger picture detected: franki-change-sYTiDHS3dSU-unsplash.jpg
2026-07-28 11:47:33 [INFO] PipelineLogger picture detected: franki-change-ylGqteuOcBM-unsplash.jpg
2026-07-28 11:47:33 [INFO] PipelineLogger picture detected: gary-butterfield-hXnaKgbmeOk-unsplash.jpg
2026-07-28 11:47:33 [INFO] PipelineLogger picture detected: gian-gomez-rYB1r1MoOXc-unsplash.jpg
2026-07-28 11:47:33 [INFO] PipelineLogger picture detected: greyhounds-looking-for-a-table.heic
2026-07-28 11:47:33 [INFO] PipelineLogger picture detected: heif-apple-circles.heif
2026-07-28 11:47:33 [INFO] PipelineLogger picture detected: heif-bitcoin-color.heif
2026-07-28 11:47:33 [INFO] PipelineLogger picture detected: hidde-schalm-aUtMy02DOo4-unsplash.jpg
2026-07-28 11:47:33 [INFO] PipelineLogger picture detected: ivan-diaz-MOBnDtqE-kE-unsplash.jpg
2026-07-28 11:47:33 [INFO] PipelineLogger picture detected: kuzu420-dancing-27562_512.gif
2026-07-28 11:47:33 [INFO] PipelineLogger picture detected: lazaro-rodriguez-JhOFhLHKVx8-unsplash.jpg
2026-07-28 11:47:33 [INFO] PipelineLogger picture detected: michael-sala-husQ4tkR8Z8-unsplash.jpg
2026-07-28 11:47:33 [INFO] PipelineLogger picture detected: mxj_files-countdown-27669_512.gif
2026-07-28 11:47:33 [INFO] PipelineLogger picture detected: mxj_files-duck-27445_512.gif
2026-07-28 11:47:33 [INFO] PipelineLogger picture detected: mxj_files-planet-26932_512.gif
2026-07-28 11:47:33 [INFO] PipelineLogger picture detected: mxj_files-star-26586_512.gif
2026-07-28 11:47:33 [INFO] PipelineLogger picture detected: nina-pascal-Cld_DcgGPso-unsplash.jpg
2026-07-28 11:47:33 [INFO] PipelineLogger picture detected: oskar-kadaksoo-H1cuGOjk8d8-unsplash.jpg
2026-07-28 11:47:33 [INFO] PipelineLogger picture detected: oskar-smethurst-B1GtwanCbiw-unsplash.jpg
2026-07-28 11:47:33 [INFO] PipelineLogger picture detected: pascal-meier-1uVCTVSn-2o-unsplash.jpg
2026-07-28 11:47:33 [INFO] PipelineLogger picture detected: pexels-0xcpt-27487530.jpg
2026-07-28 11:47:33 [INFO] PipelineLogger picture detected: pexels-aboodi-18435554.jpg
2026-07-28 11:47:33 [INFO] PipelineLogger picture detected: pexels-bibekghosh-14553713.jpg
2026-07-28 11:47:33 [INFO] PipelineLogger picture detected: pexels-ebahir-36476506.jpg
2026-07-28 11:47:33 [INFO] PipelineLogger picture detected: pexels-gmb-visuals-564876670-20727183.jpg
2026-07-28 11:47:33 [INFO] PipelineLogger picture detected: pexels-izafi-33061425.jpg
2026-07-28 11:47:33 [INFO] PipelineLogger picture detected: pexels-ja-kubislav-374578277-14585222.jpg
2026-07-28 11:47:33 [INFO] PipelineLogger picture detected: pexels-james-l-349383308-31327342.jpg
2026-07-28 11:47:33 [INFO] PipelineLogger picture detected: pexels-king-siberia-1123639-2201541.jpg
2026-07-28 11:47:33 [INFO] PipelineLogger picture detected: pexels-pavel-danilyuk-8424591.jpg
2026-07-28 11:47:33 [INFO] PipelineLogger picture detected: pexels-pixabay-270348.jpg
2026-07-28 11:47:33 [INFO] PipelineLogger picture detected: pexels-pixabay-270366.jpg
2026-07-28 11:47:33 [INFO] PipelineLogger picture detected: pexels-pixabay-270408.jpg
2026-07-28 11:47:33 [INFO] PipelineLogger picture detected: sample-heif-compressed-60.heif
2026-07-28 11:47:33 [INFO] PipelineLogger picture detected: shelf-christmas-decoration.heic
2026-07-28 11:47:33 [INFO] PipelineLogger picture detected: sherry-christian-8Myh76_3M2U-unsplash.jpg
2026-07-28 11:47:33 [INFO] PipelineLogger picture detected: soundboard.heic
2026-07-28 11:47:33 [INFO] PipelineLogger picture detected: sunder-muthukumaran-fd6K_OFlnRA-unsplash (1).jpg
2026-07-28 11:47:33 [INFO] PipelineLogger picture detected: sunder-muthukumaran-fd6K_OFlnRA-unsplash.jpg
2026-07-28 11:47:33 [INFO] PipelineLogger picture detected: tobias-rademacher-LPi4gHZrL1w-unsplash.jpg
2026-07-28 11:47:33 [INFO] PipelineLogger video detected: videoplayback (1).webm
2026-07-28 11:47:33 [INFO] PipelineLogger video detected: videoplayback.mp4
2026-07-28 11:47:33 [INFO] PipelineLogger video detected: videoplayback.webm
2026-07-28 11:47:33 [INFO] PipelineLogger picture detected: zhengtao-tang-V7SKRhXskv8-unsplash.jpg
2026-07-28 11:47:33 [INFO] PipelineLogger total images found 56
2026-07-28 11:47:33 [INFO] PipelineLogger total videos found 9
2026-07-28 11:47:33 [INFO] PipelineLogger other files found 70
2026-07-28 11:47:33 [INFO] PipelineLogger total size of assets 1392.1899999999998 mb
2026-07-28 11:48:18 [INFO] [PipelineLogger] Scanning the folder: C:\Users\asads\Downloads
2026-07-28 11:48:18 [INFO] [PipelineLogger] picture detected: 1.webp
2026-07-28 11:48:18 [INFO] [PipelineLogger] picture detected: arsen-vivcharyk-dmRB6RXRpFk-unsplash.jpg
2026-07-28 11:48:18 [INFO] [PipelineLogger] picture detected: brian-jones-YBlcnXfv9OM-unsplash.jpg
2026-07-28 11:48:18 [INFO] [PipelineLogger] picture detected: bruno-guerrero--i6EJZjX0tg-unsplash.jpg
2026-07-28 11:48:18 [INFO] [PipelineLogger] picture detected: bruno-guerrero-1Ef9P85_JPg-unsplash.jpg
2026-07-28 11:48:18 [INFO] [PipelineLogger] picture detected: bruno-guerrero-kGR0GAZ4Z3s-unsplash.jpg
2026-07-28 11:48:18 [INFO] [PipelineLogger] picture detected: bruno-guerrero-Ugb9Gaccxys-unsplash.jpg
2026-07-28 11:48:18 [INFO] [PipelineLogger] picture detected: chef-with-trumpet.heic
2026-07-28 11:48:18 [INFO] [PipelineLogger] picture detected: convertico-little-sorcerer-heif.heif
2026-07-28 11:48:18 [INFO] [PipelineLogger] picture detected: creative-headline-APNnyM36puU-unsplash.jpg
2026-07-28 11:48:18 [INFO] [PipelineLogger] picture detected: creative-headline-HGZkiOJ0Jeg-unsplash.jpg
2026-07-28 11:48:18 [INFO] [PipelineLogger] picture detected: creative-headline-se3GNrXjtdQ-unsplash.jpg
2026-07-28 11:48:18 [INFO] [PipelineLogger] picture detected: creative-headline-vD_qELkZaAs-unsplash.jpg
2026-07-28 11:48:18 [INFO] [PipelineLogger] picture detected: fa4e2abf79fce071ed0970ebc04688e3.jpg
2026-07-28 11:48:18 [INFO] [PipelineLogger] video detected: file_example_AVI_1920_2_3MG.avi
2026-07-28 11:48:18 [INFO] [PipelineLogger] video detected: file_example_MOV_1920_2_2MB.mov
2026-07-28 11:48:18 [INFO] [PipelineLogger] video detected: file_example_MP4_1920_18MG.mp4
2026-07-28 11:48:18 [INFO] [PipelineLogger] video detected: file_example_OGG_1920_13_3mg.ogg
2026-07-28 11:48:18 [INFO] [PipelineLogger] video detected: file_example_WEBM_1920_3_7MB.webm
2026-07-28 11:48:18 [INFO] [PipelineLogger] video detected: file_example_WMV_1920_9_3MB.wmv
2026-07-28 11:48:18 [INFO] [PipelineLogger] picture detected: franki-change-l_udJiyHkPg-unsplash.jpg
2026-07-28 11:48:18 [INFO] [PipelineLogger] picture detected: franki-change-sYTiDHS3dSU-unsplash.jpg
2026-07-28 11:48:18 [INFO] [PipelineLogger] picture detected: franki-change-ylGqteuOcBM-unsplash.jpg
2026-07-28 11:48:18 [INFO] [PipelineLogger] picture detected: gary-butterfield-hXnaKgbmeOk-unsplash.jpg
2026-07-28 11:48:18 [INFO] [PipelineLogger] picture detected: gian-gomez-rYB1r1MoOXc-unsplash.jpg
2026-07-28 11:48:18 [INFO] [PipelineLogger] picture detected: greyhounds-looking-for-a-table.heic
2026-07-28 11:48:18 [INFO] [PipelineLogger] picture detected: heif-apple-circles.heif
2026-07-28 11:48:18 [INFO] [PipelineLogger] picture detected: heif-bitcoin-color.heif
2026-07-28 11:48:18 [INFO] [PipelineLogger] picture detected: hidde-schalm-aUtMy02DOo4-unsplash.jpg
2026-07-28 11:48:18 [INFO] [PipelineLogger] picture detected: ivan-diaz-MOBnDtqE-kE-unsplash.jpg
2026-07-28 11:48:18 [INFO] [PipelineLogger] picture detected: kuzu420-dancing-27562_512.gif
2026-07-28 11:48:18 [INFO] [PipelineLogger] picture detected: lazaro-rodriguez-JhOFhLHKVx8-unsplash.jpg
2026-07-28 11:48:18 [INFO] [PipelineLogger] picture detected: michael-sala-husQ4tkR8Z8-unsplash.jpg
2026-07-28 11:48:18 [INFO] [PipelineLogger] picture detected: mxj_files-countdown-27669_512.gif
2026-07-28 11:48:18 [INFO] [PipelineLogger] picture detected: mxj_files-duck-27445_512.gif
2026-07-28 11:48:18 [INFO] [PipelineLogger] picture detected: mxj_files-planet-26932_512.gif
2026-07-28 11:48:18 [INFO] [PipelineLogger] picture detected: mxj_files-star-26586_512.gif
2026-07-28 11:48:18 [INFO] [PipelineLogger] picture detected: nina-pascal-Cld_DcgGPso-unsplash.jpg
2026-07-28 11:48:18 [INFO] [PipelineLogger] picture detected: oskar-kadaksoo-H1cuGOjk8d8-unsplash.jpg
2026-07-28 11:48:18 [INFO] [PipelineLogger] picture detected: oskar-smethurst-B1GtwanCbiw-unsplash.jpg
2026-07-28 11:48:18 [INFO] [PipelineLogger] picture detected: pascal-meier-1uVCTVSn-2o-unsplash.jpg
2026-07-28 11:48:18 [INFO] [PipelineLogger] picture detected: pexels-0xcpt-27487530.jpg
2026-07-28 11:48:18 [INFO] [PipelineLogger] picture detected: pexels-aboodi-18435554.jpg
2026-07-28 11:48:18 [INFO] [PipelineLogger] picture detected: pexels-bibekghosh-14553713.jpg
2026-07-28 11:48:18 [INFO] [PipelineLogger] picture detected: pexels-ebahir-36476506.jpg
2026-07-28 11:48:18 [INFO] [PipelineLogger] picture detected: pexels-gmb-visuals-564876670-20727183.jpg
2026-07-28 11:48:18 [INFO] [PipelineLogger] picture detected: pexels-izafi-33061425.jpg
2026-07-28 11:48:18 [INFO] [PipelineLogger] picture detected: pexels-ja-kubislav-374578277-14585222.jpg
2026-07-28 11:48:18 [INFO] [PipelineLogger] picture detected: pexels-james-l-349383308-31327342.jpg
2026-07-28 11:48:18 [INFO] [PipelineLogger] picture detected: pexels-king-siberia-1123639-2201541.jpg
2026-07-28 11:48:18 [INFO] [PipelineLogger] picture detected: pexels-pavel-danilyuk-8424591.jpg
2026-07-28 11:48:18 [INFO] [PipelineLogger] picture detected: pexels-pixabay-270348.jpg
2026-07-28 11:48:18 [INFO] [PipelineLogger] picture detected: pexels-pixabay-270366.jpg
2026-07-28 11:48:18 [INFO] [PipelineLogger] picture detected: pexels-pixabay-270408.jpg
2026-07-28 11:48:18 [INFO] [PipelineLogger] picture detected: sample-heif-compressed-60.heif
2026-07-28 11:48:18 [INFO] [PipelineLogger] picture detected: shelf-christmas-decoration.heic
2026-07-28 11:48:18 [INFO] [PipelineLogger] picture detected: sherry-christian-8Myh76_3M2U-unsplash.jpg
2026-07-28 11:48:18 [INFO] [PipelineLogger] picture detected: soundboard.heic
2026-07-28 11:48:18 [INFO] [PipelineLogger] picture detected: sunder-muthukumaran-fd6K_OFlnRA-unsplash (1).jpg
2026-07-28 11:48:18 [INFO] [PipelineLogger] picture detected: sunder-muthukumaran-fd6K_OFlnRA-unsplash.jpg
2026-07-28 11:48:18 [INFO] [PipelineLogger] picture detected: tobias-rademacher-LPi4gHZrL1w-unsplash.jpg
2026-07-28 11:48:18 [INFO] [PipelineLogger] video detected: videoplayback (1).webm
2026-07-28 11:48:18 [INFO] [PipelineLogger] video detected: videoplayback.mp4
2026-07-28 11:48:18 [INFO] [PipelineLogger] video detected: videoplayback.webm
2026-07-28 11:48:18 [INFO] [PipelineLogger] picture detected: zhengtao-tang-V7SKRhXskv8-unsplash.jpg
2026-07-28 11:48:18 [INFO] [PipelineLogger] total images found 56
2026-07-28 11:48:18 [INFO] [PipelineLogger] total videos found 9
2026-07-28 11:48:18 [INFO] [PipelineLogger] other files found 70
2026-07-28 11:48:18 [INFO] [PipelineLogger] total size of assets 1392.1899999999998 mb
